2026-05-09 16:01:24,978 - INFO - ++++++++++++++++++++++
2026-05-09 16:01:24,979 - INFO -  Test starting
2026-05-09 16:01:24,996 - INFO - Browser opening: edge
2026-05-09 16:01:27,886 - INFO - ++++++++++++++++++++++
2026-05-09 16:01:27,886 - INFO -  Test starting
2026-05-09 16:01:27,886 - INFO - Browser opening: edge
2026-05-09 16:01:30,667 - INFO - ++++++++++++++++++++++
2026-05-09 16:01:30,676 - INFO -  Test starting
2026-05-09 16:01:30,676 - INFO - Browser opening: edge
2026-05-09 16:01:33,390 - INFO - ++++++++++++++++++++++
2026-05-09 16:01:33,391 - INFO -  Test starting
2026-05-09 16:01:33,391 - INFO - Browser opening: edge
2026-05-09 16:01:36,163 - INFO - ++++++++++++++++++++++
2026-05-09 16:01:36,163 - INFO -  Test starting
2026-05-09 16:01:36,164 - INFO - Browser opening: edge
2026-05-09 16:01:38,260 - INFO - ++++++++++++++++++++++
2026-05-09 16:01:38,261 - INFO -  Test starting
2026-05-09 16:01:38,261 - INFO - Browser opening: edge
2026-05-09 16:03:24,030 - INFO - ++++++++++++++++++++++
2026-05-09 16:03:24,030 - INFO -  Test starting
2026-05-09 16:03:24,031 - INFO - Browser opening: edge
2026-05-09 16:03:25,911 - INFO - Opened Browser edge
2026-05-09 16:03:26,676 - INFO - url loaded : https://www.saucedemo.com/
2026-05-09 16:03:26,677 - INFO - Login page opened 
2026-05-09 16:03:26,677 - INFO - Trying to loging with data standard_user, secret_sauce
2026-05-09 16:03:26,677 - INFO - Try to login standard_user secret_sauce
2026-05-09 16:03:26,677 - INFO - Typing in  the element: ('id', 'user-name')
2026-05-09 16:03:26,677 - INFO - Locating the element: ('id', 'user-name')
2026-05-09 16:03:27,139 - INFO - Typing in  the element: ('id', 'password')
2026-05-09 16:03:27,139 - INFO - Locating the element: ('id', 'password')
2026-05-09 16:03:27,331 - INFO - Clicking the element: ('id', 'login-button')
2026-05-09 16:03:27,331 - INFO - Locating the element: ('id', 'login-button')
2026-05-09 16:03:27,718 - INFO - Login Successful - Inventory page opened 
2026-05-09 16:03:30,761 - INFO - Colsing the browser: edge
2026-05-09 16:03:30,762 - INFO - ++++++++++++++++++++++
2026-05-09 16:03:30,762 - INFO -  Test starting
2026-05-09 16:03:30,763 - INFO - Browser opening: edge
2026-05-09 16:03:32,557 - INFO - Opened Browser edge
2026-05-09 16:03:33,369 - INFO - url loaded : https://www.saucedemo.com/
2026-05-09 16:03:33,371 - INFO - Login page opened 
2026-05-09 16:03:33,371 - INFO - Trying to loging with data locked_out_user, secret_sauce
2026-05-09 16:03:33,371 - INFO - Try to login locked_out_user secret_sauce
2026-05-09 16:03:33,371 - INFO - Typing in  the element: ('id', 'user-name')
2026-05-09 16:03:33,371 - INFO - Locating the element: ('id', 'user-name')
2026-05-09 16:03:33,782 - INFO - Typing in  the element: ('id', 'password')
2026-05-09 16:03:33,782 - INFO - Locating the element: ('id', 'password')
2026-05-09 16:03:33,941 - INFO - Clicking the element: ('id', 'login-button')
2026-05-09 16:03:33,941 - INFO - Locating the element: ('id', 'login-button')
2026-05-09 16:03:34,270 - INFO - Trying to read error msg
2026-05-09 16:03:34,270 - INFO - Gating the text: ('tag name', 'h3')
2026-05-09 16:03:34,270 - INFO - Locating the element: ('tag name', 'h3')
2026-05-09 16:03:34,380 - ERROR - Login Failed 
2026-05-09 16:03:36,836 - INFO - Colsing the browser: edge
2026-05-09 16:03:36,837 - INFO - ++++++++++++++++++++++
2026-05-09 16:03:36,837 - INFO -  Test starting
2026-05-09 16:03:36,837 - INFO - Browser opening: edge
2026-05-09 16:03:38,467 - INFO - Opened Browser edge
2026-05-09 16:03:39,213 - INFO - url loaded : https://www.saucedemo.com/
2026-05-09 16:03:39,214 - INFO - Login page opened 
2026-05-09 16:03:39,214 - INFO - Trying to loging with data wrong_user, wrong_pass
2026-05-09 16:03:39,220 - INFO - Try to login wrong_user wrong_pass
2026-05-09 16:03:39,223 - INFO - Typing in  the element: ('id', 'user-name')
2026-05-09 16:03:39,223 - INFO - Locating the element: ('id', 'user-name')
2026-05-09 16:03:39,565 - INFO - Typing in  the element: ('id', 'password')
2026-05-09 16:03:39,565 - INFO - Locating the element: ('id', 'password')
2026-05-09 16:03:39,802 - INFO - Clicking the element: ('id', 'login-button')
2026-05-09 16:03:39,802 - INFO - Locating the element: ('id', 'login-button')
2026-05-09 16:03:40,078 - INFO - Trying to read error msg
2026-05-09 16:03:40,078 - INFO - Gating the text: ('tag name', 'h3')
2026-05-09 16:03:40,078 - INFO - Locating the element: ('tag name', 'h3')
2026-05-09 16:03:42,594 - INFO - Colsing the browser: edge
2026-05-09 16:03:42,595 - INFO - ++++++++++++++++++++++
2026-05-09 16:03:42,595 - INFO -  Test starting
2026-05-09 16:03:42,595 - INFO - Browser opening: edge
2026-05-09 16:03:44,256 - INFO - Opened Browser edge
2026-05-09 16:03:45,012 - INFO - url loaded : https://www.saucedemo.com/
2026-05-09 16:03:45,013 - INFO - Try to login standard_user secret_sauce
2026-05-09 16:03:45,013 - INFO - Typing in  the element: ('id', 'user-name')
2026-05-09 16:03:45,014 - INFO - Locating the element: ('id', 'user-name')
2026-05-09 16:03:45,362 - INFO - Typing in  the element: ('id', 'password')
2026-05-09 16:03:45,362 - INFO - Locating the element: ('id', 'password')
2026-05-09 16:03:45,719 - INFO - Clicking the element: ('id', 'login-button')
2026-05-09 16:03:45,719 - INFO - Locating the element: ('id', 'login-button')
2026-05-09 16:03:45,947 - INFO - Getting products name 
2026-05-09 16:03:48,351 - INFO - Colsing the browser: edge
2026-05-09 16:03:48,352 - INFO - ++++++++++++++++++++++
2026-05-09 16:03:48,352 - INFO -  Test starting
2026-05-09 16:03:48,352 - INFO - Browser opening: edge
2026-05-09 16:03:50,290 - INFO - Opened Browser edge
2026-05-09 16:03:50,864 - INFO - url loaded : https://www.saucedemo.com/
2026-05-09 16:03:50,865 - INFO - Try to login standard_user secret_sauce
2026-05-09 16:03:50,865 - INFO - Typing in  the element: ('id', 'user-name')
2026-05-09 16:03:50,865 - INFO - Locating the element: ('id', 'user-name')
2026-05-09 16:03:51,133 - INFO - Typing in  the element: ('id', 'password')
2026-05-09 16:03:51,134 - INFO - Locating the element: ('id', 'password')
2026-05-09 16:03:51,299 - INFO - Clicking the element: ('id', 'login-button')
2026-05-09 16:03:51,299 - INFO - Locating the element: ('id', 'login-button')
2026-05-09 16:03:51,583 - INFO - Getting products name 
2026-05-09 16:03:54,506 - INFO - Colsing the browser: edge
2026-05-09 16:03:54,507 - INFO - ++++++++++++++++++++++
2026-05-09 16:03:54,507 - INFO -  Test starting
2026-05-09 16:03:54,507 - INFO - Browser opening: edge
2026-05-09 16:03:56,204 - INFO - Opened Browser edge
2026-05-09 16:03:57,025 - INFO - url loaded : https://www.saucedemo.com/
2026-05-09 16:03:57,026 - INFO - Try to login standard_user secret_sauce
2026-05-09 16:03:57,026 - INFO - Typing in  the element: ('id', 'user-name')
2026-05-09 16:03:57,026 - INFO - Locating the element: ('id', 'user-name')
2026-05-09 16:03:57,289 - INFO - Typing in  the element: ('id', 'password')
2026-05-09 16:03:57,289 - INFO - Locating the element: ('id', 'password')
2026-05-09 16:03:57,616 - INFO - Clicking the element: ('id', 'login-button')
2026-05-09 16:03:57,616 - INFO - Locating the element: ('id', 'login-button')
2026-05-09 16:03:57,822 - INFO - Clicking the menu button Logout  
2026-05-09 16:03:57,823 - INFO - Clicking the element: ('id', 'react-burger-menu-btn')
2026-05-09 16:03:57,823 - INFO - Locating the element: ('id', 'react-burger-menu-btn')
2026-05-09 16:03:57,969 - INFO - Clicking the element: ('id', 'logout_sidebar_link')
2026-05-09 16:03:57,969 - INFO - Locating the element: ('id', 'logout_sidebar_link')
2026-05-09 16:04:00,923 - INFO - Colsing the browser: edge
2026-05-09 17:42:30,593 - INFO - ++++++++++++++++++++++
2026-05-09 17:42:30,594 - INFO -  Test starting
2026-05-09 17:42:30,611 - INFO - Browser opening: edge
2026-05-09 17:42:33,557 - INFO - Opened Browser edge
2026-05-09 17:42:34,551 - INFO - url loaded : https://www.saucedemo.com/
2026-05-09 17:42:34,552 - INFO - Login page opened 
2026-05-09 17:42:34,552 - INFO - Trying to loging with data standard_user, secret_sauce
2026-05-09 17:42:34,552 - INFO - Try to login standard_user secret_sauce
2026-05-09 17:42:34,552 - INFO - Typing in  the element: ('id', 'user-name')
2026-05-09 17:42:34,552 - INFO - Locating the element: ('id', 'user-name')
2026-05-09 17:42:35,161 - INFO - Typing in  the element: ('id', 'password')
2026-05-09 17:42:35,162 - INFO - Locating the element: ('id', 'password')
2026-05-09 17:42:35,478 - INFO - Clicking the element: ('id', 'login-button')
2026-05-09 17:42:35,479 - INFO - Locating the element: ('id', 'login-button')
2026-05-09 17:42:35,762 - INFO - Login Successful - Inventory page opened 
2026-05-09 17:42:42,188 - INFO - Colsing the browser: edge
2026-05-09 17:42:42,189 - INFO - ++++++++++++++++++++++
2026-05-09 17:42:42,189 - INFO -  Test starting
2026-05-09 17:42:42,189 - INFO - Browser opening: edge
2026-05-09 17:42:45,001 - INFO - Opened Browser edge
2026-05-09 17:42:45,837 - INFO - url loaded : https://www.saucedemo.com/
2026-05-09 17:42:45,838 - INFO - Login page opened 
2026-05-09 17:42:45,838 - INFO - Trying to loging with data locked_out_user, secret_sauce
2026-05-09 17:42:45,838 - INFO - Try to login locked_out_user secret_sauce
2026-05-09 17:42:45,838 - INFO - Typing in  the element: ('id', 'user-name')
2026-05-09 17:42:45,838 - INFO - Locating the element: ('id', 'user-name')
2026-05-09 17:42:46,351 - INFO - Typing in  the element: ('id', 'password')
2026-05-09 17:42:46,352 - INFO - Locating the element: ('id', 'password')
2026-05-09 17:42:46,566 - INFO - Clicking the element: ('id', 'login-button')
2026-05-09 17:42:46,566 - INFO - Locating the element: ('id', 'login-button')
2026-05-09 17:42:46,748 - INFO - Trying to read error msg
2026-05-09 17:42:46,748 - INFO - Gating the text: ('tag name', 'h3')
2026-05-09 17:42:46,748 - INFO - Locating the element: ('tag name', 'h3')
2026-05-09 17:42:46,796 - ERROR - Login Failed 
2026-05-09 17:42:49,923 - INFO - Colsing the browser: edge
2026-05-09 17:42:49,924 - INFO - ++++++++++++++++++++++
2026-05-09 17:42:49,924 - INFO -  Test starting
2026-05-09 17:42:49,924 - INFO - Browser opening: edge
2026-05-09 17:42:51,713 - INFO - Opened Browser edge
2026-05-09 17:42:52,646 - INFO - url loaded : https://www.saucedemo.com/
2026-05-09 17:42:52,647 - INFO - Login page opened 
2026-05-09 17:42:52,647 - INFO - Trying to loging with data wrong_user, wrong_pass
2026-05-09 17:42:52,647 - INFO - Try to login wrong_user wrong_pass
2026-05-09 17:42:52,647 - INFO - Typing in  the element: ('id', 'user-name')
2026-05-09 17:42:52,647 - INFO - Locating the element: ('id', 'user-name')
2026-05-09 17:42:53,303 - INFO - Typing in  the element: ('id', 'password')
2026-05-09 17:42:53,303 - INFO - Locating the element: ('id', 'password')
2026-05-09 17:42:53,492 - INFO - Clicking the element: ('id', 'login-button')
2026-05-09 17:42:53,492 - INFO - Locating the element: ('id', 'login-button')
2026-05-09 17:42:53,738 - INFO - Trying to read error msg
2026-05-09 17:42:53,738 - INFO - Gating the text: ('tag name', 'h3')
2026-05-09 17:42:53,739 - INFO - Locating the element: ('tag name', 'h3')
2026-05-09 17:42:53,793 - ERROR - Login Failed 
2026-05-09 17:42:56,411 - INFO - Colsing the browser: edge
2026-05-09 17:42:56,412 - INFO - ++++++++++++++++++++++
2026-05-09 17:42:56,413 - INFO -  Test starting
2026-05-09 17:42:56,413 - INFO - Browser opening: edge
2026-05-09 17:42:58,352 - INFO - Opened Browser edge
2026-05-09 17:42:58,964 - INFO - url loaded : https://www.saucedemo.com/
2026-05-09 17:42:58,965 - INFO - Try to login standard_user secret_sauce
2026-05-09 17:42:58,965 - INFO - Typing in  the element: ('id', 'user-name')
2026-05-09 17:42:58,965 - INFO - Locating the element: ('id', 'user-name')
2026-05-09 17:42:59,333 - INFO - Typing in  the element: ('id', 'password')
2026-05-09 17:42:59,333 - INFO - Locating the element: ('id', 'password')
2026-05-09 17:42:59,515 - INFO - Clicking the element: ('id', 'login-button')
2026-05-09 17:42:59,515 - INFO - Locating the element: ('id', 'login-button')
2026-05-09 17:42:59,749 - INFO - Getting products name 
2026-05-09 17:43:02,744 - INFO - Colsing the browser: edge
2026-05-09 17:43:02,745 - INFO - ++++++++++++++++++++++
2026-05-09 17:43:02,745 - INFO -  Test starting
2026-05-09 17:43:02,745 - INFO - Browser opening: edge
2026-05-09 17:43:04,900 - INFO - Opened Browser edge
2026-05-09 17:43:05,579 - INFO - url loaded : https://www.saucedemo.com/
2026-05-09 17:43:05,580 - INFO - Try to login standard_user secret_sauce
2026-05-09 17:43:05,580 - INFO - Typing in  the element: ('id', 'user-name')
2026-05-09 17:43:05,580 - INFO - Locating the element: ('id', 'user-name')
2026-05-09 17:43:06,076 - INFO - Typing in  the element: ('id', 'password')
2026-05-09 17:43:06,076 - INFO - Locating the element: ('id', 'password')
2026-05-09 17:43:06,255 - INFO - Clicking the element: ('id', 'login-button')
2026-05-09 17:43:06,256 - INFO - Locating the element: ('id', 'login-button')
2026-05-09 17:43:06,691 - INFO - Getting products name 
2026-05-09 17:43:09,278 - INFO - Colsing the browser: edge
2026-05-09 17:43:09,279 - INFO - ++++++++++++++++++++++
2026-05-09 17:43:09,279 - INFO -  Test starting
2026-05-09 17:43:09,279 - INFO - Browser opening: edge
2026-05-09 17:43:11,183 - INFO - Opened Browser edge
2026-05-09 17:43:11,798 - INFO - url loaded : https://www.saucedemo.com/
2026-05-09 17:43:11,799 - INFO - Try to login standard_user secret_sauce
2026-05-09 17:43:11,799 - INFO - Typing in  the element: ('id', 'user-name')
2026-05-09 17:43:11,799 - INFO - Locating the element: ('id', 'user-name')
2026-05-09 17:43:12,247 - INFO - Typing in  the element: ('id', 'password')
2026-05-09 17:43:12,247 - INFO - Locating the element: ('id', 'password')
2026-05-09 17:43:12,426 - INFO - Clicking the element: ('id', 'login-button')
2026-05-09 17:43:12,426 - INFO - Locating the element: ('id', 'login-button')
2026-05-09 17:43:12,738 - INFO - Clicking the menu button Logout  
2026-05-09 17:43:12,738 - INFO - Clicking the element: ('id', 'react-burger-menu-btn')
2026-05-09 17:43:12,738 - INFO - Locating the element: ('id', 'react-burger-menu-btn')
2026-05-09 17:43:13,087 - INFO - Clicking the element: ('id', 'logout_sidebar_link')
2026-05-09 17:43:13,087 - INFO - Locating the element: ('id', 'logout_sidebar_link')
2026-05-09 17:43:16,373 - INFO - Colsing the browser: edge
