2026-05-08 18:37:30,011 - INFO - ========================================
2026-05-08 18:37:30,011 - INFO - AUTOMATION EXECUTION STARTED
2026-05-08 18:37:30,011 - INFO - Starting Behave Test Execution
2026-05-08 18:37:30,516 - INFO - Timeout fetched : 10
2026-05-08 18:37:30,524 - INFO - ========================================
2026-05-08 18:37:30,524 - INFO - STARTING SCENARIO : Successful Signup
2026-05-08 18:37:30,524 - INFO - Browser fetched : edge
2026-05-08 18:37:30,524 - INFO - Base URL fetched : https://www.demoblaze.com/
2026-05-08 18:37:30,526 - INFO - Implicit wait fetched : 5
2026-05-08 18:37:30,526 - INFO - Headless mode : False
2026-05-08 18:37:30,526 - INFO - Launching Edge Browser
2026-05-08 18:37:34,669 - INFO - Browser Opened & Maximized Successfully
2026-05-08 18:37:34,674 - INFO - Launching App
2026-05-08 18:37:34,676 - INFO - Click signup
2026-05-08 18:37:34,677 - INFO - Clicking Signup Menu
2026-05-08 18:37:34,677 - INFO - Waiting for element clickable : ('link text', 'Sign up')
2026-05-08 18:37:34,735 - INFO - Element clickable successfully : ('link text', 'Sign up')
2026-05-08 18:37:34,890 - INFO - Enter user name: kaali1234
2026-05-08 18:37:34,890 - INFO - Entering Username: kaali1234
2026-05-08 18:37:34,891 - INFO - Waiting for element visibility : ('id', 'sign-username')
2026-05-08 18:37:35,519 - INFO - Element visible successfully : ('id', 'sign-username')
2026-05-08 18:37:35,849 - INFO - Enter password name: rahul234
2026-05-08 18:37:35,849 - INFO - Entering Password
2026-05-08 18:37:35,849 - INFO - Waiting for element visibility : ('id', 'sign-password')
2026-05-08 18:37:35,895 - INFO - Element visible successfully : ('id', 'sign-password')
2026-05-08 18:37:36,026 - INFO - Click signup button: 
2026-05-08 18:37:36,026 - INFO - Clicking Signup Button
2026-05-08 18:37:36,026 - INFO - Waiting for element clickable : ('xpath', "//button[text()='Sign up']")
2026-05-08 18:37:36,075 - INFO - Element clickable successfully : ('xpath', "//button[text()='Sign up']")
2026-05-08 18:37:36,151 - INFO - Step : Verify Successful Signup
2026-05-08 18:37:36,151 - INFO - Verifying Signup Alert
2026-05-08 18:37:36,151 - INFO - Waiting for alert
2026-05-08 18:37:37,552 - INFO - Alert appeared successfully
2026-05-08 18:37:37,554 - INFO - Alert Message: Sign up successful.
2026-05-08 18:37:37,714 - INFO - Scenario Status : Status.error
2026-05-08 18:37:37,714 - INFO - SCENARIO PASSED : Successful Signup
2026-05-08 18:37:41,298 - INFO - Browser Closed Successfully
2026-05-08 18:37:41,298 - INFO - ========================================
2026-05-08 18:37:41,379 - INFO - Behave Execution Completed with status code : 1
2026-05-08 18:37:41,381 - INFO - Generating Allure HTML Report
2026-05-08 18:37:41,404 - INFO - Allure Report Generated with status code : 1
2026-05-08 18:37:41,404 - INFO - AUTOMATION EXECUTION COMPLETED
2026-05-08 18:37:41,404 - INFO - ========================================
